note: Capella product -- its signal does not follow its declared SGN=+1, so the
      FX-to-delay transform is inverted to match Capella's own reference reader.
      Without this the image is mirrored in range.
cphd: skipped 8 vector(s) flagged invalid and 0 with non-finite geometry, of 335149
warning: grid cell 2.000 m is coarser than the 0.051 m azimuth
         resolution this collect supports. The image will alias:
         each scatterer gains ghost peaks that resemble real
         targets. Use --cell 0.051 or finer, or treat the result
         as deliberately multi-looked.
subap route 'uniform': focusing the full aperture first ...
subap route 'uniform': focusing the full aperture first ...
  static trial 1/8: prominence 50.9 at 0.054 Hz
subap route 'uniform': focusing the full aperture first ...
  static trial 2/8: prominence 52.8 at 0.054 Hz
subap route 'uniform': focusing the full aperture first ...
  static trial 3/8: prominence 50.9 at 0.054 Hz
subap route 'uniform': focusing the full aperture first ...
  static trial 4/8: prominence 59.9 at 0.054 Hz
subap route 'uniform': focusing the full aperture first ...
  static trial 5/8: prominence 49.6 at 0.054 Hz
subap route 'uniform': focusing the full aperture first ...
  static trial 6/8: prominence 51.1 at 0.054 Hz
subap route 'uniform': focusing the full aperture first ...
  static trial 7/8: prominence 44.1 at 0.054 Hz
subap route 'uniform': focusing the full aperture first ...
  static trial 8/8: prominence 44.7 at 0.054 Hz
